// Jest Snapshot v1, https://goo.gl/fbAQLP

exports[`context default values from context 1`] = `
Object {
  "options": Object {
    "browserOptions": Object {
      "type": "chromium",
    },
    "build": undefined,
    "config": Object {},
    "configFile": "nuxt.config",
    "fixture": "fixture",
    "randomBuildDir": true,
    "randomPort": true,
    "server": undefined,
    "setupTimeout": 60000,
    "testDir": "foo",
  },
}
`;
